I'm sorry, but errors were detected in your script. Please correct the
errors listed below, and try again.


File "game/screens.rpy", line 100: expected a keyword argument or end of line.
    zorder 2 00
             ^

Ren'Py Version: Ren'Py 8.4.1.25072401
Mon Jul 28 17:02:27 2025
